[23:33:13] [main/INFO] (FabricLoader/GameProvider) Loading Minecraft 26.1.2 with Fabric Loader 0.19.2
[23:33:13] [main/INFO] (FabricLoader/Mappings) Mappings not present!
[23:33:14] [main/INFO] (FabricLoader) Loading 51 mods:
	- fabric-api 0.154.0+26.1.2
	- fabric-api-base 2.0.3+ece063234c
	- fabric-api-lookup-api-v1 2.0.12+d5a053b64c
	- fabric-biome-api-v1 18.0.5+2fa62b4e4c
	- fabric-block-api-v1 3.0.2+ec56b6014c
	- fabric-block-getter-api-v2 2.0.6+ec56b6014c
	- fabric-client-gametest-api-v1 5.1.0+0a5283664c
	- fabric-command-api-v2 3.0.5+e2bdee784c
	- fabric-content-registries-v0 11.2.1+76b0b6bb4c
	- fabric-convention-tags-v2 4.6.2+4f11f7994c
	- fabric-crash-report-info-v1 1.0.3+9f78a5a84c
	- fabric-creative-tab-api-v1 5.0.11+d871b99e4c
	- fabric-data-attachment-api-v1 2.2.9+44a0bd1d4c
	- fabric-data-generation-api-v1 24.3.2+574cf22d4c
	- fabric-debug-api-v1 1.0.1+c792624d4c
	- fabric-dimensions-v1 5.1.6+9cbf5da54c
	- fabric-entity-events-v1 5.0.2+e2bdee784c
	- fabric-events-interaction-v0 5.2.2+07b380be4c
	- fabric-game-rule-api-v1 4.0.5+d871b99e4c
	- fabric-gametest-api-v1 4.0.17+867b87624c
	- fabric-item-api-v1 14.2.0+a2a3a8914c
	- fabric-key-mapping-api-v1 2.0.4+e2bdee784c
	- fabric-lifecycle-events-v1 4.1.1+df84eb3d4c
	- fabric-loot-api-v3 3.0.12+00a1fba64c
	- fabric-menu-api-v1 2.0.14+d871b99e4c
	- fabric-message-api-v1 7.0.5+dae8ce3e4c
	- fabric-model-loading-api-v1 8.0.10+c80601bb4c
	- fabric-networking-api-v1 6.3.1+554860db4c
	- fabric-object-builder-api-v1 23.1.0+abb459f14c
	- fabric-particles-v1 5.0.15+b61fef434c
	- fabric-permission-api-v1 1.0.1+c3369b134c
	- fabric-recipe-api-v1 9.0.16+be4b75ae4c
	- fabric-registry-sync-v0 7.1.0+2fa62b4e4c
	- fabric-renderer-api-v1 13.0.7+c80601bb4c
	- fabric-renderer-indigo 8.1.4+1403e82c4c
	- fabric-rendering-fluids-v1 6.0.1+d871b99e4c
	- fabric-rendering-v1 23.3.0+e9207d814c
	- fabric-resource-conditions-api-v1 6.1.0+83dd0ba34c
	- fabric-resource-loader-v0 3.3.17+4fc5413f4c
	- fabric-resource-loader-v1 2.0.10+7c44c7324c
	- fabric-screen-api-v1 5.1.0+981dd9b24c
	- fabric-serialization-api-v1 2.0.3+11a26f314c
	- fabric-sound-api-v1 2.0.4+11a26f314c
	- fabric-tag-api-v1 2.1.1+371cf5db4c
	- fabric-transfer-api-v1 8.0.6+357ea7334c
	- fabric-transitive-access-wideners-v1 8.1.2+e9207d814c
	- fabricloader 0.19.2
	- java 25
	- minecraft 26.1.2
	- mixinextras 0.5.4
	- smartchat 1.0-SNAPSHOT
[23:33:14] [main/WARN] (FabricLoader/ModRemap) Runtime mod remapping disabled due to no fabric.remapClasspathFile being specified. You may need to update loom.
[23:33:14] [main/INFO] (FabricLoader/Mixin) SpongePowered MIXIN Subsystem Version=0.8.7 Source=file:/C:/Users/macaron/.gradle/caches/modules-2/files-2.1/net.fabricmc/sponge-mixin/0.17.2+mixin.0.8.7/edf98d1d98229e46e36c61774ae2b54dcd852981/sponge-mixin-0.17.2+mixin.0.8.7.jar Service=Knot/Fabric Env=CLIENT
[23:33:15] [main/INFO] (FabricLoader/Mixin) Compatibility level set to JAVA_25
[23:33:20] [main/INFO] (FabricLoader/MixinExtras|Service) Initializing MixinExtras via com.llamalad7.mixinextras.service.MixinExtrasServiceImpl(version=0.5.4).
[23:33:29] [Datafixer Bootstrap/INFO] (Minecraft) 291 Datafixer optimizations took 4415 milliseconds
[23:33:56] [Render thread/INFO] (Minecraft) Environment: Environment[sessionHost=https://sessionserver.mojang.com, servicesHost=https://api.minecraftservices.com, profilesHost=https://api.mojang.com, name=PROD]
[23:33:57] [Render thread/INFO] (Minecraft) Setting user: Player900
[23:34:00] [Download-2/ERROR] (Minecraft) Failed to fetch user properties
com.mojang.authlib.exceptions.InvalidCredentialsException: Status: 401
	at knot//com.mojang.authlib.exceptions.MinecraftClientHttpException.toAuthenticationException(MinecraftClientHttpException.java:59)
	at knot//com.mojang.authlib.yggdrasil.YggdrasilUserApiService.fetchProperties(YggdrasilUserApiService.java:150)
	at knot//net.minecraft.client.Minecraft.lambda$new$1(Minecraft.java:441)
	at java.base/java.util.concurrent.CompletableFuture$AsyncSupply.run$$$capture(CompletableFuture.java:1789)
	at java.base/java.util.concurrent.CompletableFuture$AsyncSupply.run(CompletableFuture.java)
	at java.base/java.util.concurrent.ThreadPoolExecutor.runWorker(ThreadPoolExecutor.java:1090)
	at java.base/java.util.concurrent.ThreadPoolExecutor$Worker.run(ThreadPoolExecutor.java:614)
	at java.base/java.lang.Thread.run(Thread.java:1474)
Caused by: com.mojang.authlib.exceptions.MinecraftClientHttpException: Status: 401
	at knot//com.mojang.authlib.minecraft.client.MinecraftClient.readInputStream(MinecraftClient.java:103)
	at knot//com.mojang.authlib.minecraft.client.MinecraftClient.get(MinecraftClient.java:56)
	at knot//com.mojang.authlib.yggdrasil.YggdrasilUserApiService.fetchProperties(YggdrasilUserApiService.java:121)
	... 6 more
[23:34:01] [Render thread/INFO] (Indigo) [Indigo] Registering Indigo renderer!
[23:34:03] [Render thread/INFO] (Minecraft) Backend library: LWJGL version 3.4.1-snapshot
[23:34:05] [Render thread/INFO] (Minecraft) Using optional rendering extensions: GL_ARB_buffer_storage, GL_KHR_debug, GL_ARB_vertex_attrib_binding, GL_ARB_direct_state_access, GL_EXT_texture_filter_anisotropic
[23:34:09] [Download-2/INFO] (Minecraft) Could not authorize you against Realms server: java.lang.RuntimeException: Failed to parse into SignedJWT: FabricMC
[23:34:09] [Download-2/ERROR] (Minecraft) Failed to fetch Realms feature flags
com.mojang.realmsclient.exception.RealmsServiceException: Realms authentication error with message 'java.lang.RuntimeException: Failed to parse into SignedJWT: FabricMC'
	at knot//com.mojang.realmsclient.client.RealmsClient.execute(RealmsClient.java:507)
	at knot//com.mojang.realmsclient.client.RealmsClient.fetchFeatureFlags(RealmsClient.java:158)
	at java.base/java.util.concurrent.CompletableFuture$AsyncSupply.run$$$capture(CompletableFuture.java:1789)
	at java.base/java.util.concurrent.CompletableFuture$AsyncSupply.run(CompletableFuture.java)
	at java.base/java.util.concurrent.ThreadPoolExecutor.runWorker(ThreadPoolExecutor.java:1090)
	at java.base/java.util.concurrent.ThreadPoolExecutor$Worker.run(ThreadPoolExecutor.java:614)
	at java.base/java.lang.Thread.run(Thread.java:1474)
[23:34:09] [Render thread/INFO] (Minecraft) Reloading ResourceManager: vanilla, fabric-api, fabric-api-base, fabric-api-lookup-api-v1, fabric-biome-api-v1, fabric-block-api-v1, fabric-block-getter-api-v2, fabric-client-gametest-api-v1, fabric-command-api-v2, fabric-content-registries-v0, fabric-convention-tags-v2, fabric-crash-report-info-v1, fabric-creative-tab-api-v1, fabric-data-attachment-api-v1, fabric-data-generation-api-v1, fabric-debug-api-v1, fabric-dimensions-v1, fabric-entity-events-v1, fabric-events-interaction-v0, fabric-game-rule-api-v1, fabric-gametest-api-v1, fabric-item-api-v1, fabric-key-mapping-api-v1, fabric-lifecycle-events-v1, fabric-loot-api-v3, fabric-menu-api-v1, fabric-message-api-v1, fabric-model-loading-api-v1, fabric-networking-api-v1, fabric-object-builder-api-v1, fabric-particles-v1, fabric-permission-api-v1, fabric-recipe-api-v1, fabric-registry-sync-v0, fabric-renderer-api-v1, fabric-renderer-indigo, fabric-rendering-fluids-v1, fabric-rendering-v1, fabric-resource-conditions-api-v1, fabric-resource-loader-v0, fabric-resource-loader-v1, fabric-screen-api-v1, fabric-serialization-api-v1, fabric-sound-api-v1, fabric-tag-api-v1, fabric-transfer-api-v1, fabric-transitive-access-wideners-v1, fabricloader
[23:34:11] [Worker-Main-4/INFO] (Minecraft) Found unifont_all_no_pua-17.0.01.hex, loading
[23:34:11] [Worker-Main-3/INFO] (Minecraft) Found unifont_pua-17.0.01.hex, loading
[23:34:11] [Worker-Main-1/INFO] (Minecraft) Found unifont_jp_patch-17.0.01.hex, loading
[23:34:19] [Render thread/ERROR] (Minecraft) Create context (2026991599632): Invalid device.
[23:34:19] [Render thread/ERROR] (Minecraft) Error starting SoundSystem. Turning off sounds & music
java.lang.IllegalStateException: Unable to create OpenAL context
	at knot//com.mojang.blaze3d.audio.Library.init(Library.java:81)
	at knot//net.minecraft.client.sounds.SoundEngine.loadLibrary(SoundEngine.java:108)
	at knot//net.minecraft.client.sounds.SoundEngine.reload(SoundEngine.java:100)
	at knot//net.minecraft.client.sounds.SoundManager.apply(SoundManager.java:149)
	at knot//net.minecraft.client.sounds.SoundManager.apply(SoundManager.java)
	at knot//net.minecraft.server.packs.resources.SimplePreparableReloadListener.lambda$reload$1(SimplePreparableReloadListener.java:19)
	at java.base/java.util.concurrent.CompletableFuture$UniAccept.tryFire$$$capture(CompletableFuture.java:739)
	at java.base/java.util.concurrent.CompletableFuture$UniAccept.tryFire(CompletableFuture.java)
	at java.base/java.util.concurrent.CompletableFuture$Completion.run(CompletableFuture.java:503)
	at knot//net.minecraft.server.packs.resources.SimpleReloadInstance.lambda$prepareTasks$3(SimpleReloadInstance.java:75)
	at knot//net.minecraft.util.thread.BlockableEventLoop.doRunTask(BlockableEventLoop.java:160)
	at knot//net.minecraft.util.thread.ReentrantBlockableEventLoop.doRunTask(ReentrantBlockableEventLoop.java:24)
	at knot//net.minecraft.util.thread.BlockableEventLoop.pollTask(BlockableEventLoop.java:135)
	at knot//net.minecraft.util.thread.BlockableEventLoop.runAllTasks(BlockableEventLoop.java:116)
	at knot//net.minecraft.client.Minecraft.runTick(Minecraft.java:1284)
	at knot//net.minecraft.client.Minecraft.run(Minecraft.java:932)
	at knot//net.minecraft.client.main.Main.main(Main.java:222)
	at net.fabricmc.loader.impl.game.minecraft.MinecraftGameProvider.launch(MinecraftGameProvider.java:514)
	at net.fabricmc.loader.impl.launch.knot.Knot.launch(Knot.java:72)
	at net.fabricmc.loader.impl.launch.knot.KnotClient.main(KnotClient.java:23)
	at net.fabricmc.devlaunchinjector.Main.main(Main.java:86)
[23:34:19] [Render thread/INFO] (Minecraft) Created: 512x256x0 minecraft:textures/atlas/particles.png-atlas
[23:34:19] [Render thread/INFO] (Minecraft) Created: 128x128x0 minecraft:textures/atlas/decorated_pot.png-atlas
[23:34:19] [Render thread/INFO] (Minecraft) Created: 2048x1024x0 minecraft:textures/atlas/armor_trims.png-atlas
[23:34:19] [Render thread/INFO] (Minecraft) Created: 512x256x0 minecraft:textures/atlas/paintings.png-atlas
[23:34:19] [Render thread/INFO] (Minecraft) Created: 1024x512x0 minecraft:textures/atlas/shield_patterns.png-atlas
[23:34:19] [Render thread/INFO] (Minecraft) Created: 2048x2048x4 minecraft:textures/atlas/blocks.png-atlas
[23:34:22] [Render thread/INFO] (Minecraft) Created: 512x512x0 minecraft:textures/atlas/chest.png-atlas
[23:34:22] [Render thread/INFO] (Minecraft) Created: 256x128x0 minecraft:textures/atlas/celestials.png-atlas
[23:34:22] [Render thread/INFO] (Minecraft) Created: 1024x512x0 minecraft:textures/atlas/banner_patterns.png-atlas
[23:34:22] [Render thread/INFO] (Minecraft) Created: 512x512x0 minecraft:textures/atlas/beds.png-atlas
[23:34:22] [Render thread/INFO] (Minecraft) Created: 1024x512x0 minecraft:textures/atlas/items.png-atlas
[23:34:22] [Render thread/INFO] (Minecraft) Created: 1024x1024x0 minecraft:textures/atlas/gui.png-atlas
[23:34:22] [Render thread/INFO] (Minecraft) Created: 128x64x0 minecraft:textures/atlas/map_decorations.png-atlas
[23:34:22] [Render thread/INFO] (Minecraft) Created: 512x256x0 minecraft:textures/atlas/signs.png-atlas
[23:34:22] [Render thread/INFO] (Minecraft) Created: 512x512x0 minecraft:textures/atlas/shulker_boxes.png-atlas
[23:34:24] [IO-Worker-1/INFO] (Minecraft) Could not authorize you against Realms server: java.lang.RuntimeException: Failed to parse into SignedJWT: FabricMC
[23:34:24] [IO-Worker-1/ERROR] (Minecraft) Couldn't connect to realms
com.mojang.realmsclient.exception.RealmsServiceException: Realms authentication error with message 'java.lang.RuntimeException: Failed to parse into SignedJWT: FabricMC'
	at knot//com.mojang.realmsclient.client.RealmsClient.execute(RealmsClient.java:507)
	at knot//com.mojang.realmsclient.client.RealmsClient.clientCompatible(RealmsClient.java:280)
	at knot//com.mojang.realmsclient.RealmsAvailability.lambda$check$0(RealmsAvailability.java:47)
	at java.base/java.util.concurrent.CompletableFuture$AsyncSupply.run$$$capture(CompletableFuture.java:1789)
	at java.base/java.util.concurrent.CompletableFuture$AsyncSupply.run(CompletableFuture.java)
	at java.base/java.util.concurrent.ThreadPoolExecutor.runWorker(ThreadPoolExecutor.java:1090)
	at java.base/java.util.concurrent.ThreadPoolExecutor$Worker.run(ThreadPoolExecutor.java:614)
	at java.base/java.lang.Thread.run(Thread.java:1474)
[23:38:15] [Render thread/INFO] (Minecraft) Loaded 1515 recipes
[23:38:15] [Render thread/INFO] (Minecraft) Loaded 1617 advancements
[23:38:16] [Render thread/INFO] (BiomeModificationImpl) Applied 0 biome modifications to 0 of 65 new biomes in 3.566 ms
[23:38:16] [Server thread/INFO] (Minecraft) Starting integrated minecraft server version 26.1.2
[23:38:16] [Server thread/INFO] (Minecraft) Generating keypair
[23:38:17] [Server thread/INFO] (Minecraft) Loading 0 persistent chunks...
[23:38:17] [Server thread/INFO] (Minecraft) スポーン地点を準備中：16%
[23:38:17] [Server thread/INFO] (Minecraft) Saving chunks for level 'ServerLevel[新規ワールド]'/minecraft:overworld
[23:38:17] [Server thread/INFO] (Minecraft) Saving chunks for level 'ServerLevel[新規ワールド]'/minecraft:the_end
[23:38:17] [Server thread/INFO] (Minecraft) Saving chunks for level 'ServerLevel[新規ワールド]'/minecraft:the_nether
[23:38:17] [Server thread/INFO] (Minecraft) ThreadedAnvilChunkStorage (world): All chunks are saved
[23:38:17] [Server thread/INFO] (Minecraft) ThreadedAnvilChunkStorage (DIM1): All chunks are saved
[23:38:17] [Server thread/INFO] (Minecraft) ThreadedAnvilChunkStorage (DIM-1): All chunks are saved
[23:38:17] [Server thread/INFO] (Minecraft) ThreadedAnvilChunkStorage: All dimensions are saved
[23:38:24] [Server thread/INFO] (Minecraft) Loading 49 chunks for player spawn...
[23:38:24] [Server thread/INFO] (Minecraft) スポーン地点を準備中：16%
[23:38:24] [Server thread/INFO] (Minecraft) スポーン地点を準備中：16%
[23:38:24] [Server thread/INFO] (Minecraft) スポーン地点を準備中：16%
[23:38:24] [Server thread/INFO] (Minecraft) スポーン地点を準備中：16%
[23:38:24] [Server thread/INFO] (Minecraft) スポーン地点を準備中：16%
[23:38:24] [Server thread/INFO] (Minecraft) スポーン地点を準備中：16%
[23:38:24] [Server thread/INFO] (Minecraft) スポーン地点を準備中：16%
[23:38:24] [Server thread/INFO] (Minecraft) スポーン地点を準備中：16%
[23:38:24] [Server thread/INFO] (Minecraft) スポーン地点を準備中：16%
[23:38:24] [Server thread/INFO] (Minecraft) スポーン地点を準備中：16%
[23:38:24] [Server thread/INFO] (Minecraft) スポーン地点を準備中：16%
[23:38:24] [Server thread/INFO] (Minecraft) スポーン地点を準備中：16%
[23:38:24] [Server thread/INFO] (Minecraft) スポーン地点を準備中：16%
[23:38:24] [Server thread/INFO] (Minecraft) スポーン地点を準備中：16%
[23:38:25] [Server thread/INFO] (Minecraft) スポーン地点を準備中：100%
[23:38:25] [Server thread/INFO] (Minecraft) Time elapsed: 7506 ms
[23:38:25] [Server thread/INFO] (Minecraft) Player900[local:E:a714a892] logged in with entity id 1 at (6.5, -34.0, -5.5)
[23:38:25] [Server thread/INFO] (Minecraft) Player900がゲームに参加しました
[23:38:26] [Server thread/INFO] (Minecraft) Changing view distance to 16, from 10
[23:38:26] [Server thread/INFO] (Minecraft) Changing simulation distance to 12, from 0
[23:38:26] [WebSocketSelector-99/INFO] (Minecraft) [STDOUT]: [WS Server] サーバーが0.0.0.0/0.0.0.0:80808080 で起動しました！
[23:38:26] [Render thread/INFO] (Minecraft) Loaded 2 advancements
[23:38:26] [Render thread/INFO] (Minecraft) Resizing Dynamic Transforms UBO, capacity limit of 2 reached during a single frame. New capacity will be 4.
[23:38:26] [Render thread/INFO] (Minecraft) Resizing Dynamic Transforms UBO, capacity limit of 4 reached during a single frame. New capacity will be 8.
[23:38:27] [Render thread/INFO] (Minecraft) Resizing Chunk Sections UBO, capacity limit of 2 reached during a single frame. New capacity will be 8.
[23:38:28] [Render thread/INFO] (Minecraft) Resizing Chunk Sections UBO, capacity limit of 8 reached during a single frame. New capacity will be 16.
[23:38:28] [Server thread/INFO] (Minecraft) Saving and pausing game...
[23:38:28] [Render thread/INFO] (Minecraft) Resizing Chunk Sections UBO, capacity limit of 16 reached during a single frame. New capacity will be 32.
[23:38:28] [Render thread/INFO] (Minecraft) Resizing Chunk Sections UBO, capacity limit of 32 reached during a single frame. New capacity will be 64.
[23:38:28] [Server thread/INFO] (Minecraft) Saving chunks for level 'ServerLevel[新規ワールド]'/minecraft:overworld
[23:38:28] [Server thread/INFO] (Minecraft) Saving chunks for level 'ServerLevel[新規ワールド]'/minecraft:the_end
[23:38:28] [Server thread/INFO] (Minecraft) Saving chunks for level 'ServerLevel[新規ワールド]'/minecraft:the_nether
[23:38:45] [Render thread/INFO] (Minecraft) Resizing Chunk Sections UBO, capacity limit of 64 reached during a single frame. New capacity will be 128.
[23:38:45] [Server thread/INFO] (Minecraft) [Not Secure] <Player900> a
[23:38:45] [Render thread/INFO] (Minecraft) [CHAT] <Player900> a
[23:38:45] [Render thread/INFO] (Minecraft) [STDOUT]: <Player900> a
[23:38:45] [Render thread/INFO] (Minecraft) Resizing Chunk Sections UBO, capacity limit of 128 reached during a single frame. New capacity will be 256.
[23:38:46] [Render thread/INFO] (Minecraft) Resizing Chunk Sections UBO, capacity limit of 256 reached during a single frame. New capacity will be 512.
[23:46:15] [WebSocketWorker-91/INFO] (Minecraft) [STDOUT]: [WS Server] 新しい接続を受け付けました: /[0:0:0:0:0:0:0:1]:50007
[23:46:21] [WebSocketWorker-91/INFO] (Minecraft) [STDOUT]: [WS Server] メッセージを受信: test
[23:46:21] [Server thread/INFO] (Minecraft) [Not Secure] <Player900> test
[23:46:21] [Render thread/INFO] (Minecraft) [CHAT] <Player900> test
[23:46:21] [Render thread/INFO] (Minecraft) [STDOUT]: <Player900> test
[23:46:32] [WebSocketWorker-91/INFO] (Minecraft) [STDOUT]: [WS Server] メッセージを受信: You are an idiot.
[23:46:32] [Server thread/INFO] (Minecraft) [Not Secure] <Player900> You are an idiot.
[23:46:32] [Render thread/INFO] (Minecraft) [CHAT] <Player900> You are an idiot.
[23:46:32] [Render thread/INFO] (Minecraft) [STDOUT]: <Player900> You are an idiot.
[23:47:58] [WebSocketSelector-99/INFO] (Minecraft) [STDOUT]: [WS Server] 接続が切れました: /[0:0:0:0:0:0:0:1]:50007
[23:49:47] [WebSocketWorker-92/INFO] (Minecraft) [STDOUT]: [WS Server] 新しい接続を受け付けました: /[0:0:0:0:0:0:0:1]:56912
[23:50:13] [WebSocketSelector-99/INFO] (Minecraft) [STDOUT]: [WS Server] 接続が切れました: /[0:0:0:0:0:0:0:1]:56912
[23:50:16] [WebSocketWorker-93/INFO] (Minecraft) [STDOUT]: [WS Server] 新しい接続を受け付けました: /[0:0:0:0:0:0:0:1]:64251
[23:50:29] [WebSocketSelector-99/INFO] (Minecraft) [STDOUT]: [WS Server] 接続が切れました: /[0:0:0:0:0:0:0:1]:64251
